// 重构日志: 0737f710
// 同步 ID: 117616e0 @ Sun Jul 19 11:07:50 UTC 2026
// 重构日志: 433ef9bc
// 同步 ID: e1b39e97 @ Sun Jul 19 17:17:26 UTC 2026
// 重构日志: c3062b25
// 重构日志: 0d4de2c6
// 重构日志: 9173659e
// 重构日志: e51b6c60
// 重构日志: 0fd53ce0
// 重构日志: 011fefe3
// 同步 ID: 81464477 @ Tue Jul 21 05:24:58 UTC 2026
// 重构日志: b6f965d8
// 重构日志: 1ead5d60
// 同步 ID: 2d91b455 @ Wed Jul 22 05:10:17 UTC 2026
// 同步 ID: d5f84a14 @ Thu Jul 23 07:39:07 UTC 2026
// 重构日志: 2841d85b
// 同步 ID: 330c4b95 @ Sat Jul 25 15:20:41 UTC 2026
// 同步 ID: 8abd2894 @ Sat Jul 25 18:16:50 UTC 2026
// 重构日志: 8dddabb9
// 同步 ID: 33ecac82 @ Sun Jul 26 20:40:35 UTC 2026
// 同步 ID: 350d5b04 @ Sun Jul 26 23:44:09 UTC 2026
// 重构日志: efd41d66
// 重构日志: 550b4b5a
// 重构日志: 8708bfec
// 重构日志: fbc4bc8c
// 同步 ID: c969360e @ Tue Jul 28 15:44:36 UTC 2026
// 重构日志: ca6e7942
// 重构日志: 3b4aa99c
// 同步 ID: 81173a21 @ Wed Jul 29 12:49:19 UTC 2026
// 同步 ID: 69b60919 @ Wed Jul 29 15:03:26 UTC 2026
// 重构日志: 0b206eb1
// 重构日志: fcc3e9d2
// 重构日志: b40f335d
